// Jest Snapshot v1, https://goo.gl/fbAQLP

exports[`registration page should match the snapshot 1`] = `
<div
  className="register-photo body"
>
  <div
    className="form-container container"
  >
    <div
      className="image-holder"
    />
    <form>
      <h2
        className="text-center"
      >
        <strong
          className="head-text"
        >
          Create 
        </strong>
        an account
      </h2>
      <div>
        <input
          className="form-control"
          id="email"
          name="email"
          onChange={[Function]}
          onKeyUp={[Function]}
          placeholder="Email"
          required={true}
          type="email"
          value=""
        />
        <p
          className="error"
        />
        <input
          className="form-control"
          id="username"
          name="userName"
          onChange={[Function]}
          onKeyUp={[Function]}
          placeholder="Username"
          required={true}
          type="text"
          value=""
        />
        <p
          className="error"
        />
        <input
          className="form-control"
          id="firstname"
          name="firstName"
          onChange={[Function]}
          onKeyUp={[Function]}
          placeholder="firstName"
          required={true}
          type="text"
          value=""
        />
        <p
          className="error"
        />
        <input
          className="form-control"
          id="lastname"
          name="lastName"
          onChange={[Function]}
          onKeyUp={[Function]}
          placeholder="lastName"
          required={true}
          type="text"
          value=""
        />
        <p
          className="error"
        />
        <input
          className="form-control"
          id="phonenumber"
          name="phoneNumber"
          onChange={[Function]}
          onKeyUp={[Function]}
          placeholder="phoneNumber"
          required={true}
          type="number"
          value=""
        />
        <p
          className="error"
        />
        <input
          className="form-control"
          id="password"
          name="password"
          onChange={[Function]}
          onKeyUp={[Function]}
          placeholder="Password"
          required={true}
          type="password"
          value=""
        />
        <p
          className="error"
        />
        <input
          className="form-control"
          id="confirmpassword"
          name="confirmpassword"
          onChange={[Function]}
          onKeyUp={[Function]}
          placeholder="Confirmpassword"
          required={true}
          type="password"
          value=""
        />
        <p
          className="error"
        />
      </div>
      <div
        className="form-group"
      >
        <Link
          className="already"
          to="/"
        >
          Changed your mind? Cancel registration.
        </Link>
      </div>
      <button
        className="btn btn-primary btn-block"
        onClick={[Function]}
        type="submit"
      >
        Signup
      </button>
      <Link
        className="already"
        to="/login"
      >
        You already have an account? Login here.
      </Link>
    </form>
  </div>
</div>
`;
